mysql> explain extended select * from a left join b on a.a1 = b.a1;
+----+-------------+-------+------+---------------+------+---------+------+------+----------+----------------------------------------------------+
| id | select_type | table | type | possible_keys | key  | key_len | ref  | rows | filtered | Extra                                              |
+----+-------------+-------+------+---------------+------+---------+------+------+----------+----------------------------------------------------+
|  1 | SIMPLE      | a     | ALL  | NULL          | NULL | NULL    | NULL |    3 |   100.00 | NULL                                               |
|  1 | SIMPLE      | b     | ALL  | NULL          | NULL | NULL    | NULL |    2 |   100.00 | Using where; Using join buffer (Block Nested Loop) |
+----+-------------+-------+------+---------------+------+---------+------+------+----------+----------------------------------------------------+
2 rows in set, 1 warning (0.00 sec)

mysql> EXPLAIN EXTENDED SELECT *
    -> 
    -> FROM actor, film_actor
    -> 
    -> WHERE actor.actor_id = film_actor.actor_id AND
    -> 
    -> actor.actor_id < 7;
ERROR 1146 (42S02): Table 'joindblec.actor' doesn't exist
mysql> 
mysql> show database
    -> ;
ERROR 1064 (42000): You have an error in your SQL syntax; check the manual that corresponds to your MySQL server version for the right syntax to use near 'database' at line 1
mysql> show databases;
+--------------------+
| Database           |
+--------------------+
| information_schema |
| exer1db            |
| joindblec          |
| mysql              |
| performance_schema |
| sakila             |
| sampledata.sql     |
+--------------------+
7 rows in set (0.00 sec)

mysql> use sakila;
Reading table information for completion of table and column names
You can turn off this feature to get a quicker startup with -A

Database changed
mysql> tee test2.txt

git MODIFICATION!
git modification from sintasan! 9/14/2015
git modification using git cmd!


git modification 4/27/2017 from alienware!

